../Core/Src/main.c:133:6:cutBalloon	8	static
../Core/Src/main.c:138:6:lowPowerMode	4	static
../Core/Src/main.c:145:6:checkBattery	16	static
../Core/Src/main.c:155:5:checkAltitude	16	static
../Core/Src/main.c:169:6:checkLocation	24	static
../Core/Src/main.c:195:6:exampleTimer1Min	8	static
../Core/Src/main.c:200:6:exampleTimer10Mins	8	static
../Core/Src/main.c:215:5:main	8	static
../Core/Src/main.c:304:6:SystemClock_Config	120	static
../Core/Src/main.c:365:13:MX_ETH_Init	8	static
../Core/Src/main.c:414:13:MX_SPI1_Init	8	static
../Core/Src/main.c:461:13:MX_USART3_UART_Init	8	static
../Core/Src/main.c:509:13:MX_USB_OTG_FS_PCD_Init	8	static
../Core/Src/main.c:545:13:MX_GPIO_Init	56	static
../Core/Src/main.c:617:6:StartPollingLoop	24	static
../Core/Src/main.c:644:6:BatteryCallback	16	static
../Core/Src/main.c:652:6:DescensionCallback	16	static
../Core/Src/main.c:667:6:HAL_TIM_PeriodElapsedCallback	16	static
../Core/Src/main.c:685:6:Error_Handler	4	static,ignoring_inline_asm
