../Core/Src/main.c:133:6:cutBalloon	8	static
../Core/Src/main.c:138:6:lowPowerMode	16	static
../Core/Src/main.c:151:6:checkBattery	16	static
../Core/Src/main.c:161:5:checkAltitude	16	static
../Core/Src/main.c:173:6:checkLocation	24	static
../Core/Src/main.c:204:5:main	8	static
../Core/Src/main.c:293:6:SystemClock_Config	120	static
../Core/Src/main.c:354:13:MX_ETH_Init	8	static
../Core/Src/main.c:403:13:MX_SPI1_Init	8	static
../Core/Src/main.c:450:13:MX_USART3_UART_Init	8	static
../Core/Src/main.c:498:13:MX_USB_OTG_FS_PCD_Init	8	static
../Core/Src/main.c:534:13:MX_GPIO_Init	56	static
../Core/Src/main.c:606:6:StartPollingLoop	24	static
../Core/Src/main.c:633:6:BatteryCallback	16	static
../Core/Src/main.c:641:6:DescensionCallback	16	static
../Core/Src/main.c:656:6:HAL_TIM_PeriodElapsedCallback	16	static
../Core/Src/main.c:674:6:Error_Handler	4	static,ignoring_inline_asm
